Archive member included because of file (symbol)

c:/winavr-20100110/bin/../lib/gcc/avr/4.3.3/avr5\libgcc.a(_mulsi3.o)
                              ./MCAL/uart.o (__mulsi3)
c:/winavr-20100110/bin/../lib/gcc/avr/4.3.3/avr5\libgcc.a(_divmodhi4.o)
                              ./MCAL/Timer0.o (__divmodhi4)
c:/winavr-20100110/bin/../lib/gcc/avr/4.3.3/avr5\libgcc.a(_udivmodsi4.o)
                              ./MCAL/uart.o (__udivmodsi4)
c:/winavr-20100110/bin/../lib/gcc/avr/4.3.3/avr5\libgcc.a(_exit.o)
                              c:/winavr-20100110/bin/../lib/gcc/avr/4.3.3/../../../../avr/lib/avr5/crtm32.o (exit)
c:/winavr-20100110/bin/../lib/gcc/avr/4.3.3/avr5\libgcc.a(_copy_data.o)
                              ./HAL/Stepper_Motor.o (__do_copy_data)
c:/winavr-20100110/bin/../lib/gcc/avr/4.3.3/avr5\libgcc.a(_clear_bss.o)
                              ./MCAL/TIMER1.o (__do_clear_bss)
c:/winavr-20100110/bin/../lib/gcc/avr/4.3.3/avr5\libgcc.a(_udivmodhi4.o)
                              c:/winavr-20100110/bin/../lib/gcc/avr/4.3.3/avr5\libgcc.a(_divmodhi4.o) (__udivmodhi4)
c:/winavr-20100110/bin/../lib/gcc/avr/4.3.3/../../../../avr/lib/avr5\libc.a(itoa.o)
                              ./HAL/lcd.o (itoa)
c:/winavr-20100110/bin/../lib/gcc/avr/4.3.3/../../../../avr/lib/avr5\libc.a(strrev.o)
                              c:/winavr-20100110/bin/../lib/gcc/avr/4.3.3/../../../../avr/lib/avr5\libc.a(itoa.o) (strrev)

Allocating common symbols
Common symbol       size              file

Stepper_Direction   0x1               ./Aplication_Layer/main.o
Stepper_Angle       0x2               ./Aplication_Layer/main.o

Memory Configuration

Name             Origin             Length             Attributes
text             0x00000000         0x00020000         xr
data             0x00800060         0x0000ffa0         rw !x
eeprom           0x00810000         0x00010000         rw !x
fuse             0x00820000         0x00000400         rw !x
lock             0x00830000         0x00000400         rw !x
signature        0x00840000         0x00000400         rw !x
*default*        0x00000000         0xffffffff

Linker script and memory map

LOAD c:/winavr-20100110/bin/../lib/gcc/avr/4.3.3/../../../../avr/lib/avr5/crtm32.o
LOAD ./MCAL/GPIO.o
LOAD ./MCAL/TIMER1.o
LOAD ./MCAL/Timer0.o
LOAD ./MCAL/uart.o
LOAD ./HAL/DC_Motor.o
LOAD ./HAL/Stepper_Motor.o
LOAD ./HAL/lcd.o
LOAD ./Aplication_Layer/main.o
LOAD c:/winavr-20100110/bin/../lib/gcc/avr/4.3.3/avr5\libgcc.a
LOAD c:/winavr-20100110/bin/../lib/gcc/avr/4.3.3/../../../../avr/lib/avr5\libc.a
LOAD c:/winavr-20100110/bin/../lib/gcc/avr/4.3.3/avr5\libgcc.a

.hash
 *(.hash)

.dynsym
 *(.dynsym)

.dynstr
 *(.dynstr)

.gnu.version
 *(.gnu.version)

.gnu.version_d
 *(.gnu.version_d)

.gnu.version_r
 *(.gnu.version_r)

.rel.init
 *(.rel.init)

.rela.init
 *(.rela.init)

.rel.text
 *(.rel.text)
 *(.rel.text.*)
 *(.rel.gnu.linkonce.t*)

.rela.text
 *(.rela.text)
 *(.rela.text.*)
 *(.rela.gnu.linkonce.t*)

.rel.fini
 *(.rel.fini)

.rela.fini
 *(.rela.fini)

.rel.rodata
 *(.rel.rodata)
 *(.rel.rodata.*)
 *(.rel.gnu.linkonce.r*)

.rela.rodata
 *(.rela.rodata)
 *(.rela.rodata.*)
 *(.rela.gnu.linkonce.r*)

.rel.data
 *(.rel.data)
 *(.rel.data.*)
 *(.rel.gnu.linkonce.d*)

.rela.data
 *(.rela.data)
 *(.rela.data.*)
 *(.rela.gnu.linkonce.d*)

.rel.ctors
 *(.rel.ctors)

.rela.ctors
 *(.rela.ctors)

.rel.dtors
 *(.rel.dtors)

.rela.dtors
 *(.rela.dtors)

.rel.got
 *(.rel.got)

.rela.got
 *(.rela.got)

.rel.bss
 *(.rel.bss)

.rela.bss
 *(.rela.bss)

.rel.plt
 *(.rel.plt)

.rela.plt
 *(.rela.plt)

.text           0x00000000      0xe7a
 *(.vectors)
 .vectors       0x00000000       0x54 c:/winavr-20100110/bin/../lib/gcc/avr/4.3.3/../../../../avr/lib/avr5/crtm32.o
                0x00000000                __vectors
                0x00000000                __vector_default
 *(.vectors)
 *(.progmem.gcc*)
 *(.progmem*)
                0x00000054                . = ALIGN (0x2)
                0x00000054                __trampolines_start = .
 *(.trampolines)
 .trampolines   0x00000054        0x0 linker stubs
 *(.trampolines*)
                0x00000054                __trampolines_end = .
 *(.jumptables)
 *(.jumptables*)
 *(.lowtext)
 *(.lowtext*)
                0x00000054                __ctors_start = .
 *(.ctors)
                0x00000054                __ctors_end = .
                0x00000054                __dtors_start = .
 *(.dtors)
                0x00000054                __dtors_end = .
 SORT(*)(.ctors)
 SORT(*)(.dtors)
 *(.init0)
 .init0         0x00000054        0x0 c:/winavr-20100110/bin/../lib/gcc/avr/4.3.3/../../../../avr/lib/avr5/crtm32.o
                0x00000054                __init
 *(.init0)
 *(.init1)
 *(.init1)
 *(.init2)
 .init2         0x00000054        0xc c:/winavr-20100110/bin/../lib/gcc/avr/4.3.3/../../../../avr/lib/avr5/crtm32.o
 *(.init2)
 *(.init3)
 *(.init3)
 *(.init4)
 .init4         0x00000060       0x16 c:/winavr-20100110/bin/../lib/gcc/avr/4.3.3/avr5\libgcc.a(_copy_data.o)
                0x00000060                __do_copy_data
 .init4         0x00000076       0x10 c:/winavr-20100110/bin/../lib/gcc/avr/4.3.3/avr5\libgcc.a(_clear_bss.o)
                0x00000076                __do_clear_bss
 *(.init4)
 *(.init5)
 *(.init5)
 *(.init6)
 *(.init6)
 *(.init7)
 *(.init7)
 *(.init8)
 *(.init8)
 *(.init9)
 .init9         0x00000086        0x8 c:/winavr-20100110/bin/../lib/gcc/avr/4.3.3/../../../../avr/lib/avr5/crtm32.o
 *(.init9)
 *(.text)
 .text          0x0000008e        0x4 c:/winavr-20100110/bin/../lib/gcc/avr/4.3.3/../../../../avr/lib/avr5/crtm32.o
                0x0000008e                __vector_1
                0x0000008e                __vector_12
                0x0000008e                __bad_interrupt
                0x0000008e                __vector_6
                0x0000008e                __vector_3
                0x0000008e                __vector_11
                0x0000008e                __vector_17
                0x0000008e                __vector_19
                0x0000008e                __vector_5
                0x0000008e                __vector_4
                0x0000008e                __vector_2
                0x0000008e                __vector_15
                0x0000008e                __vector_8
                0x0000008e                __vector_14
                0x0000008e                __vector_10
                0x0000008e                __vector_16
                0x0000008e                __vector_18
                0x0000008e                __vector_20
 .text          0x00000092        0x0 ./MCAL/GPIO.o
 .text          0x00000092        0x0 ./MCAL/TIMER1.o
 .text          0x00000092        0x0 ./MCAL/Timer0.o
 .text          0x00000092        0x0 ./MCAL/uart.o
 .text          0x00000092        0x0 ./HAL/DC_Motor.o
 .text          0x00000092        0x0 ./HAL/Stepper_Motor.o
 .text          0x00000092        0x0 ./HAL/lcd.o
 .text          0x00000092        0x0 ./Aplication_Layer/main.o
 .text          0x00000092        0x0 c:/winavr-20100110/bin/../lib/gcc/avr/4.3.3/avr5\libgcc.a(_mulsi3.o)
 .text          0x00000092        0x0 c:/winavr-20100110/bin/../lib/gcc/avr/4.3.3/avr5\libgcc.a(_divmodhi4.o)
 .text          0x00000092        0x0 c:/winavr-20100110/bin/../lib/gcc/avr/4.3.3/avr5\libgcc.a(_udivmodsi4.o)
 .text          0x00000092        0x0 c:/winavr-20100110/bin/../lib/gcc/avr/4.3.3/avr5\libgcc.a(_exit.o)
 .text          0x00000092        0x0 c:/winavr-20100110/bin/../lib/gcc/avr/4.3.3/avr5\libgcc.a(_copy_data.o)
 .text          0x00000092        0x0 c:/winavr-20100110/bin/../lib/gcc/avr/4.3.3/avr5\libgcc.a(_clear_bss.o)
 .text          0x00000092        0x0 c:/winavr-20100110/bin/../lib/gcc/avr/4.3.3/avr5\libgcc.a(_udivmodhi4.o)
 .text          0x00000092        0x0 c:/winavr-20100110/bin/../lib/gcc/avr/4.3.3/../../../../avr/lib/avr5\libc.a(itoa.o)
 .text          0x00000092        0x0 c:/winavr-20100110/bin/../lib/gcc/avr/4.3.3/../../../../avr/lib/avr5\libc.a(strrev.o)
                0x00000092                . = ALIGN (0x2)
 *(.text.*)
 .text.GPIO_setupPinDirection
                0x00000092       0xe8 ./MCAL/GPIO.o
                0x00000092                GPIO_setupPinDirection
 .text.GPIO_WritePin
                0x0000017a       0xe8 ./MCAL/GPIO.o
                0x0000017a                GPIO_WritePin
 .text.GPIO_ReadPin
                0x00000262       0x3c ./MCAL/GPIO.o
                0x00000262                GPIO_ReadPin
 .text.GPIO_setupPortDirection
                0x0000029e       0x26 ./MCAL/GPIO.o
                0x0000029e                GPIO_setupPortDirection
 .text.GPIO_WritePort
                0x000002c4       0x26 ./MCAL/GPIO.o
                0x000002c4                GPIO_WritePort
 .text.GPIO_ReadPort
                0x000002ea       0x2a ./MCAL/GPIO.o
                0x000002ea                GPIO_ReadPort
 .text.__vector_7
                0x00000314       0x52 ./MCAL/TIMER1.o
                0x00000314                __vector_7
 .text.__vector_9
                0x00000366       0x52 ./MCAL/TIMER1.o
                0x00000366                __vector_9
 .text.Timer1_init
                0x000003b8       0x42 ./MCAL/TIMER1.o
                0x000003b8                Timer1_init
 .text.Timer1_deInit
                0x000003fa       0x14 ./MCAL/TIMER1.o
                0x000003fa                Timer1_deInit
 .text.Timer1_setCallBack
                0x0000040e        0xa ./MCAL/TIMER1.o
                0x0000040e                Timer1_setCallBack
 .text.PWM_Timer0_Set
                0x00000418       0x14 ./MCAL/Timer0.o
                0x00000418                PWM_Timer0_Set
 .text.Timer0_deInit
                0x0000042c        0x8 ./MCAL/Timer0.o
                0x0000042c                Timer0_deInit
 .text.PWM_Timer0_Init
                0x00000434       0x12 ./MCAL/Timer0.o
                0x00000434                PWM_Timer0_Init
 .text.UART_init
                0x00000446       0x7c ./MCAL/uart.o
                0x00000446                UART_init
 .text.UART_sendByte
                0x000004c2        0x8 ./MCAL/uart.o
                0x000004c2                UART_sendByte
 .text.UART_recieveByte
                0x000004ca        0x8 ./MCAL/uart.o
                0x000004ca                UART_recieveByte
 .text.UART_sendString
                0x000004d2       0x1a ./MCAL/uart.o
                0x000004d2                UART_sendString
 .text.UART_receiveString
                0x000004ec       0x2e ./MCAL/uart.o
                0x000004ec                UART_receiveString
 .text.DCmotor_rotate
                0x0000051a       0x4a ./HAL/DC_Motor.o
                0x0000051a                DCmotor_rotate
 .text.DCmotor_init
                0x00000564       0x2e ./HAL/DC_Motor.o
                0x00000564                DCmotor_init
 .text.Stepper_Start
                0x00000592      0x142 ./HAL/Stepper_Motor.o
                0x00000592                Stepper_Start
 .text.Stepper_Init
                0x000006d4       0x52 ./HAL/Stepper_Motor.o
                0x000006d4                Stepper_Init
 .text.LCD_displayCharacter
                0x00000726       0x52 ./HAL/lcd.o
                0x00000726                LCD_displayCharacter
 .text.LCD_displayString
                0x00000778       0x26 ./HAL/lcd.o
                0x00000778                LCD_displayString
 .text.LCD_intgerToString
                0x0000079e       0x44 ./HAL/lcd.o
                0x0000079e                LCD_intgerToString
 .text.LCD_sendCommand
                0x000007e2       0x52 ./HAL/lcd.o
                0x000007e2                LCD_sendCommand
 .text.LCD_clearScreen
                0x00000834        0x8 ./HAL/lcd.o
                0x00000834                LCD_clearScreen
 .text.LCD_moveCursor
                0x0000083c       0x26 ./HAL/lcd.o
                0x0000083c                LCD_moveCursor
 .text.LCD_displayStringRowColumn
                0x00000862       0x16 ./HAL/lcd.o
                0x00000862                LCD_displayStringRowColumn
 .text.LCD_init
                0x00000878       0x38 ./HAL/lcd.o
                0x00000878                LCD_init
 .text.main     0x000008b0       0x94 ./Aplication_Layer/main.o
                0x000008b0                main
 .text.Clock    0x00000944      0x244 ./Aplication_Layer/main.o
                0x00000944                Clock
 .text.Validate_Input
                0x00000b88      0x104 ./Aplication_Layer/main.o
                0x00000b88                Validate_Input
 .text.Input_Read
                0x00000c8c       0x70 ./Aplication_Layer/main.o
                0x00000c8c                Input_Read
 .text.__vector_13
                0x00000cfc       0x48 ./Aplication_Layer/main.o
                0x00000cfc                __vector_13
 .text.libgcc   0x00000d44       0x3e c:/winavr-20100110/bin/../lib/gcc/avr/4.3.3/avr5\libgcc.a(_mulsi3.o)
                0x00000d44                __mulsi3
 .text.libgcc   0x00000d82       0x26 c:/winavr-20100110/bin/../lib/gcc/avr/4.3.3/avr5\libgcc.a(_divmodhi4.o)
                0x00000d82                __divmodhi4
                0x00000d82                _div
 .text.libgcc   0x00000da8       0x44 c:/winavr-20100110/bin/../lib/gcc/avr/4.3.3/avr5\libgcc.a(_udivmodsi4.o)
                0x00000da8                __udivmodsi4
 .text.libgcc   0x00000dec        0x0 c:/winavr-20100110/bin/../lib/gcc/avr/4.3.3/avr5\libgcc.a(_exit.o)
 .text.libgcc   0x00000dec        0x0 c:/winavr-20100110/bin/../lib/gcc/avr/4.3.3/avr5\libgcc.a(_copy_data.o)
 .text.libgcc   0x00000dec        0x0 c:/winavr-20100110/bin/../lib/gcc/avr/4.3.3/avr5\libgcc.a(_clear_bss.o)
 .text.libgcc   0x00000dec       0x28 c:/winavr-20100110/bin/../lib/gcc/avr/4.3.3/avr5\libgcc.a(_udivmodhi4.o)
                0x00000dec                __udivmodhi4
 .text.avr-libc
                0x00000e14       0x42 c:/winavr-20100110/bin/../lib/gcc/avr/4.3.3/../../../../avr/lib/avr5\libc.a(itoa.o)
                0x00000e14                itoa
 .text.avr-libc
                0x00000e56       0x20 c:/winavr-20100110/bin/../lib/gcc/avr/4.3.3/../../../../avr/lib/avr5\libc.a(strrev.o)
                0x00000e56                strrev
                0x00000e76                . = ALIGN (0x2)
 *(.fini9)
 .fini9         0x00000e76        0x0 c:/winavr-20100110/bin/../lib/gcc/avr/4.3.3/avr5\libgcc.a(_exit.o)
                0x00000e76                exit
                0x00000e76                _exit
 *(.fini9)
 *(.fini8)
 *(.fini8)
 *(.fini7)
 *(.fini7)
 *(.fini6)
 *(.fini6)
 *(.fini5)
 *(.fini5)
 *(.fini4)
 *(.fini4)
 *(.fini3)
 *(.fini3)
 *(.fini2)
 *(.fini2)
 *(.fini1)
 *(.fini1)
 *(.fini0)
 .fini0         0x00000e76        0x4 c:/winavr-20100110/bin/../lib/gcc/avr/4.3.3/avr5\libgcc.a(_exit.o)
 *(.fini0)
                0x00000e7a                _etext = .

.data           0x00800060       0xe2 load address 0x00000e7a
                0x00800060                PROVIDE (__data_start, .)
 *(.data)
 .data          0x00800060        0x0 c:/winavr-20100110/bin/../lib/gcc/avr/4.3.3/../../../../avr/lib/avr5/crtm32.o
 .data          0x00800060        0x0 ./MCAL/GPIO.o
 .data          0x00800060        0x0 ./MCAL/TIMER1.o
 .data          0x00800060        0x0 ./MCAL/Timer0.o
 .data          0x00800060        0x0 ./MCAL/uart.o
 .data          0x00800060        0x0 ./HAL/DC_Motor.o
 .data          0x00800060        0x0 ./HAL/Stepper_Motor.o
 .data          0x00800060        0x0 ./HAL/lcd.o
 .data          0x00800060       0xca ./Aplication_Layer/main.o
 .data          0x0080012a        0x0 c:/winavr-20100110/bin/../lib/gcc/avr/4.3.3/avr5\libgcc.a(_mulsi3.o)
 .data          0x0080012a        0x0 c:/winavr-20100110/bin/../lib/gcc/avr/4.3.3/avr5\libgcc.a(_divmodhi4.o)
 .data          0x0080012a        0x0 c:/winavr-20100110/bin/../lib/gcc/avr/4.3.3/avr5\libgcc.a(_udivmodsi4.o)
 .data          0x0080012a        0x0 c:/winavr-20100110/bin/../lib/gcc/avr/4.3.3/avr5\libgcc.a(_exit.o)
 .data          0x0080012a        0x0 c:/winavr-20100110/bin/../lib/gcc/avr/4.3.3/avr5\libgcc.a(_copy_data.o)
 .data          0x0080012a        0x0 c:/winavr-20100110/bin/../lib/gcc/avr/4.3.3/avr5\libgcc.a(_clear_bss.o)
 .data          0x0080012a        0x0 c:/winavr-20100110/bin/../lib/gcc/avr/4.3.3/avr5\libgcc.a(_udivmodhi4.o)
 .data          0x0080012a        0x0 c:/winavr-20100110/bin/../lib/gcc/avr/4.3.3/../../../../avr/lib/avr5\libc.a(itoa.o)
 .data          0x0080012a        0x0 c:/winavr-20100110/bin/../lib/gcc/avr/4.3.3/../../../../avr/lib/avr5\libc.a(strrev.o)
 *(.data*)
 .data.Stepper_steps
                0x0080012a        0x9 ./HAL/Stepper_Motor.o
                0x0080012a                Stepper_steps
 .data.time.1438
                0x00800133        0x1 ./Aplication_Layer/main.o
 *(.rodata)
 *(.rodata*)
 .rodata.C.21.1488
                0x00800134        0x6 ./Aplication_Layer/main.o
 .rodata.C.20.1487
                0x0080013a        0x8 ./Aplication_Layer/main.o
 *(.gnu.linkonce.d*)
                0x00800142                . = ALIGN (0x2)
                0x00800142                _edata = .
                0x00800142                PROVIDE (__data_end, .)

.bss            0x00800142       0x16
                0x00800142                PROVIDE (__bss_start, .)
 *(.bss)
 .bss           0x00800142        0x0 c:/winavr-20100110/bin/../lib/gcc/avr/4.3.3/../../../../avr/lib/avr5/crtm32.o
 .bss           0x00800142        0x0 ./MCAL/GPIO.o
 .bss           0x00800142        0x0 ./MCAL/TIMER1.o
 .bss           0x00800142        0x0 ./MCAL/Timer0.o
 .bss           0x00800142        0x0 ./MCAL/uart.o
 .bss           0x00800142        0x0 ./HAL/DC_Motor.o
 .bss           0x00800142        0x0 ./HAL/Stepper_Motor.o
 .bss           0x00800142        0x0 ./HAL/lcd.o
 .bss           0x00800142        0x0 ./Aplication_Layer/main.o
 .bss           0x00800142        0x0 c:/winavr-20100110/bin/../lib/gcc/avr/4.3.3/avr5\libgcc.a(_mulsi3.o)
 .bss           0x00800142        0x0 c:/winavr-20100110/bin/../lib/gcc/avr/4.3.3/avr5\libgcc.a(_divmodhi4.o)
 .bss           0x00800142        0x0 c:/winavr-20100110/bin/../lib/gcc/avr/4.3.3/avr5\libgcc.a(_udivmodsi4.o)
 .bss           0x00800142        0x0 c:/winavr-20100110/bin/../lib/gcc/avr/4.3.3/avr5\libgcc.a(_exit.o)
 .bss           0x00800142        0x0 c:/winavr-20100110/bin/../lib/gcc/avr/4.3.3/avr5\libgcc.a(_copy_data.o)
 .bss           0x00800142        0x0 c:/winavr-20100110/bin/../lib/gcc/avr/4.3.3/avr5\libgcc.a(_clear_bss.o)
 .bss           0x00800142        0x0 c:/winavr-20100110/bin/../lib/gcc/avr/4.3.3/avr5\libgcc.a(_udivmodhi4.o)
 .bss           0x00800142        0x0 c:/winavr-20100110/bin/../lib/gcc/avr/4.3.3/../../../../avr/lib/avr5\libc.a(itoa.o)
 .bss           0x00800142        0x0 c:/winavr-20100110/bin/../lib/gcc/avr/4.3.3/../../../../avr/lib/avr5\libc.a(strrev.o)
 *(.bss*)
 .bss.T1_callBackPtr
                0x00800142        0x2 ./MCAL/TIMER1.o
 .bss.i.1288    0x00800144        0x2 ./HAL/Stepper_Motor.o
 .bss.i.1466    0x00800146        0x1 ./Aplication_Layer/main.o
 .bss.arr.1465  0x00800147        0x8 ./Aplication_Layer/main.o
 .bss.hours_1.1437
                0x0080014f        0x1 ./Aplication_Layer/main.o
 .bss.hours_0.1436
                0x00800150        0x1 ./Aplication_Layer/main.o
 .bss.minutes_1.1435
                0x00800151        0x1 ./Aplication_Layer/main.o
 .bss.minutes_0.1434
                0x00800152        0x1 ./Aplication_Layer/main.o
 .bss.seconds_1.1433
                0x00800153        0x1 ./Aplication_Layer/main.o
 .bss.seconds_0.1432
                0x00800154        0x1 ./Aplication_Layer/main.o
 *(COMMON)
 COMMON         0x00800155        0x3 ./Aplication_Layer/main.o
                0x00800155                Stepper_Direction
                0x00800156                Stepper_Angle
                0x00800158                PROVIDE (__bss_end, .)
                0x00000e7a                __data_load_start = LOADADDR (.data)
                0x00000f5c                __data_load_end = (__data_load_start + SIZEOF (.data))

.noinit         0x00800158        0x0
                0x00800158                PROVIDE (__noinit_start, .)
 *(.noinit*)
                0x00800158                PROVIDE (__noinit_end, .)
                0x00800158                _end = .
                0x00800158                PROVIDE (__heap_start, .)

.eeprom         0x00810000        0x0
 *(.eeprom*)
                0x00810000                __eeprom_end = .

.fuse
 *(.fuse)
 *(.lfuse)
 *(.hfuse)
 *(.efuse)

.lock
 *(.lock*)

.signature
 *(.signature*)

.stab
 *(.stab)

.stabstr
 *(.stabstr)

.stab.excl
 *(.stab.excl)

.stab.exclstr
 *(.stab.exclstr)

.stab.index
 *(.stab.index)

.stab.indexstr
 *(.stab.indexstr)

.comment
 *(.comment)

.debug
 *(.debug)

.line
 *(.line)

.debug_srcinfo
 *(.debug_srcinfo)

.debug_sfnames
 *(.debug_sfnames)

.debug_aranges
 *(.debug_aranges)

.debug_pubnames
 *(.debug_pubnames)

.debug_info
 *(.debug_info)
 *(.gnu.linkonce.wi.*)

.debug_abbrev
 *(.debug_abbrev)

.debug_line
 *(.debug_line)

.debug_frame
 *(.debug_frame)

.debug_str
 *(.debug_str)

.debug_loc
 *(.debug_loc)

.debug_macinfo
 *(.debug_macinfo)
OUTPUT(Task_Motor_LCD.elf elf32-avr)
LOAD linker stubs
